// Jest Snapshot v1, https://goo.gl/fbAQLP

exports[`PasswordView should render component with webview and view 1`] = `
<View
  behavior="height"
  style={
    {
      "flex": 1,
    }
  }
>
  <div>
    WebView
  </div>
  <View
    style={
      [
        {
          "bottom": 0,
          "left": 0,
          "position": "absolute",
          "right": 0,
          "top": 0,
        },
        {
          "backgroundColor": "#4b4b4b",
        },
      ]
    }
  />
</View>
`;
